// Jest Snapshot v1, https://goo.gl/fbAQLP

exports[`should show the logged in user name after successful login 1`] = `0.08080103108041667`;
